1: "# " [fg=Accent bold] | "Title" [fg=Text bold] | "                                 " [fg=Text]
2: "Some " [fg=Text] | "bold" [fg=Text bold] | " and " [fg=Text] | "italic" [fg=Text italic] | " text with " [fg=Text] | "inline" [fg=Accent] | "   " [fg=Text]
3: "code" [fg=Accent] | " and a " [fg=Text] | "link" [fg=Info] | " " [fg=Text] | "https://example.com" [fg=Info underline] | ".    " [fg=Text]
4: "                                        " [fg=Text]
5: "• first item                            " [fg=Text]
6: "• second item                           " [fg=Text]
7: "                                        " [fg=Text]
8: "│ " [fg=Text] | "a quote                               " [fg=Text italic]
9: "                                        " [fg=Text]
10: " " [fg=Text] | "func" [fg=#87afff] | " " [fg=#e4e4e4] | "main" [fg=#87d7ff] | "()" [fg=#9e9e9e] | " " [fg=#e4e4e4] | "{" [fg=#9e9e9e] | "                          " [fg=Text]
11: " " [fg=Text] | "fmt" [fg=#e4e4e4] | "." [fg=#9e9e9e] | "Println" [fg=#87d7ff] | "(" [fg=#9e9e9e] | "\"hi\"" [fg=#afd75f] | ")" [fg=#9e9e9e] | " " [fg=#e4e4e4] | "// greet" [fg=#626262 italic] | "             " [fg=Text]
12: " " [fg=Text] | "}" [fg=#9e9e9e] | "                                      " [fg=Text]
13: " " [fg=Text]
