 BROWSER  mock workspace                / filter
▸Workspace   Recent   Pinned
╭ Files ────────╮ ╭ Preview ──────────────────╮
│               │ │                           │
│ > filter file │ │ package main              │┃
│ ▎ cmd/gotui/… │ │                           ││
│   layout/lay… │ │ import (                  ││
│   list/list.… │ │     "fmt"                 ││
│   examples/b… │ │     "os"                  ││
│   examples/f… │ │ )                         ││
│   agentic/ch… │ │                           ││
│               │ │                           │
╰───────────────╯ ╰───────────────────────────╯
────────────────── tab focus · / filter · q quit
