╭ Components ──────────────────────────────────╮
│▌ layout                                      │
│  focus                                       │
│  frame                                       │
│  snaptest                                    │
│                                              │
╰──────────────────────────────────────────────╯
 consumer  layout         j/k navigate · q quit
