## initial
command: no
╭ Command completion ──────────────────────────────────────────╮
│                                                              │
│ > type a command prefix                                      │
│ ▸ git checkout  switch branch                                │
│   git status  show changes                                   │
│   go test  run tests                                         │
│   go run  run a command                                      │
│   deploy preview  preview a deployment                       │
│                                                              │
│                                                              │
╰──────────────────────────────────────────────────────────────╯
 completion  git-checkout    5 matches  ↑↓ choose  enter accept

## type git
command: no
╭ Command completion ──────────────────────────────────────────╮
│                                                              │
│ > g                                                          │
│ ▸ git checkout  switch branch                                │
│   git status  show changes                                   │
│   go test  run tests                                         │
│   go run  run a command                                      │
│                                                              │
│                                                              │
│                                                              │
╰──────────────────────────────────────────────────────────────╯
 completion  git-checkout    4 matches  ↑↓ choose  enter accept

## type git status
command: no
╭ Command completion ──────────────────────────────────────────╮
│                                                              │
│ > gi                                                         │
│ ▸ git checkout  switch branch                                │
│   git status  show changes                                   │
│                                                              │
│                                                              │
│                                                              │
│                                                              │
│                                                              │
╰──────────────────────────────────────────────────────────────╯
 completion  git-checkout    2 matches  ↑↓ choose  enter accept

## choose next
command: no
╭ Command completion ──────────────────────────────────────────╮
│                                                              │
│ > gi                                                         │
│   git checkout  switch branch                                │
│ ▸ git status  show changes                                   │
│                                                              │
│                                                              │
│                                                              │
│                                                              │
│                                                              │
╰──────────────────────────────────────────────────────────────╯
 completion  git-status      2 matches  ↑↓ choose  enter accept

## accept
command: yes
╭ Command completion ──────────────────────────────────────────╮
│                                                              │
│ > gi                                                         │
│   git checkout  switch branch                                │
│ ▸ git status  show changes                                   │
│                                                              │
│                                                              │
│                                                              │
│                                                              │
│                                                              │
╰──────────────────────────────────────────────────────────────╯
 completion  git-status      2 matches  ↑↓ choose  enter accept
