mock session — responses are scripted
              ╭──────────────────────────────────────────╮
❯ you         │                                          │
  how does lay│  Run "go test ./..."?                    │
              │  The agent wants to run a shell          │
✦ assistant   │  command.                                │
Good question!│  Tool: Bash                              │th
constraints:  │  Operation: execute                      │
              │  Target: tuiweave workspace              │
• Len(n) — fix│  Scope: repository                       │
• Fill(w) — gr│  Detail: go test ./...                   │
              │  Impact: runs the repository test suite  │
Let me verify │  Reversibility: reversible               │
              │  Policy: shell commands require          │
              │  approval                                │
              │                                          │
              │   1  Allow once                          │
              │   2  Allow always                        │
              │   3  Deny                                │
              │                                          │
> ask the mock╰──────────────────────────────────────────╯
 pi-large                                      ↑1.2k ↓21  $0.00  ctx 1%
