mock session — ╭────────────────────────────────────────╮
               │                                        │
❯ you          │  Run "go test ./..."?                  │
  how does layo│  The agent wants to run a shell        │
               │  command.                              │
✦ assistant    │  Tool: Bash                            │
Good question! │  Operation: execute                    │ith
constraints:   │  Target: gotui workspace               │
               │  Scope: repository                     │
• Len(n) — fixe│  Detail: go test ./...                 │
• Fill(w) — gro│  Impact: runs the repository test      │
               │  suite                                 │
Let me verify t│  Reversibility: reversible             │
               │  Policy: shell commands require        │
               │  approval                              │
               │                                        │
               │   1  Allow once                        │
               │   2  Allow always                      │
               │   3  Deny                              │
               │                                        │
> ask the mock ╰────────────────────────────────────────╯
 pi-large                                      ↑1.2k ↓21  $0.00  ctx 1%
