1: "╭──────────────────────────────────────╮" [fg=Warning]
2: "│" [fg=Warning] | "                                      " [bg=SurfaceRaised] | "│" [fg=Warning]
3: "│" [fg=Warning] | "  " [bg=SurfaceRaised] | "Run \"go test ./...\"?" [fg=Text bg=SurfaceRaised bold] | "                " [bg=SurfaceRaised] | "│" [fg=Warning]
4: "│" [fg=Warning] | "  " [bg=SurfaceRaised] | "The agent wants to run a shell" [fg=TextMuted bg=SurfaceRaised] | "      " [bg=SurfaceRaised] | "│" [fg=Warning]
5: "│" [fg=Warning] | "  " [bg=SurfaceRaised] | "command." [fg=TextMuted bg=SurfaceRaised] | "                            " [bg=SurfaceRaised] | "│" [fg=Warning]
6: "│" [fg=Warning] | "                                      " [bg=SurfaceRaised] | "│" [fg=Warning]
7: "│" [fg=Warning] | "  " [bg=SurfaceRaised] | " 1 " [fg=TextFaint bg=SurfaceRaised] | " Allow once " [fg=Surface bg=Accent bold] | "                   " [fg=TextMuted bg=SurfaceRaised] | "  " [bg=SurfaceRaised] | "│" [fg=Warning]
8: "│" [fg=Warning] | "  " [bg=SurfaceRaised] | " 2 " [fg=TextFaint bg=SurfaceRaised] | " Allow always " [fg=Text bg=SurfaceRaised] | "                 " [fg=TextMuted bg=SurfaceRaised] | "  " [bg=SurfaceRaised] | "│" [fg=Warning]
9: "│" [fg=Warning] | "  " [bg=SurfaceRaised] | " 3 " [fg=TextFaint bg=SurfaceRaised] | " Deny " [fg=Text bg=SurfaceRaised] | "                         " [fg=TextMuted bg=SurfaceRaised] | "  " [bg=SurfaceRaised] | "│" [fg=Warning]
10: "│" [fg=Warning] | "                                      " [bg=SurfaceRaised] | "│" [fg=Warning]
11: "╰──────────────────────────────────────╯" [fg=Warning]
