╭────────────────────────────────────╮
│                                    │
│  Run "go test ./..."?              │
│  The agent wants to run a shell    │
│  command.                          │
│                                    │
│   1  Allow once                    │
│   2  Allow always                  │
│   3  Deny                          │
│                                    │
╰────────────────────────────────────╯
