1: "diff --git a/main.go b/main.go" [fg=TextFaint]
2: "index 1111111..2222222 100644" [fg=TextFaint]
3: "--- a/main.go" [fg=Text bold]
4: "+++ b/main.go" [fg=Text bold]
5: "@@ -1,4 +1,4 @@" [fg=Info]
6: " func main() {" [fg=TextMuted]
7: "-    fmt.Println(\"old\")" [fg=Danger]
8: "+    fmt.Println(\"new\")" [fg=Success]
9: " }" [fg=TextMuted]
