1: " " [fg=Text bg=Accent] | "OPS" [fg=Surface bg=Accent bold] | " " [bg=Accent] | " " | "operations console" [fg=TextMuted] | "                                         ctrl+p commands"
2: "▸Services " [fg=Accent bg=SurfaceRaised bold] | " " [fg=TextFaint bg=SurfaceRaised] | " Jobs " [fg=TextMuted bg=SurfaceRaised] | " " [fg=TextFaint bg=SurfaceRaised] | " Audit " [fg=TextMuted bg=SurfaceRaised] | "                                                       " [bg=SurfaceRaised]
3: "╭" [fg=Border] | " Actions " [fg=TextMuted] | "─────────────────────────────╮" [fg=Border] | "│" [fg=BorderMuted] | "╭" [fg=Border] | " Operations " [fg=TextMuted] | "─────────────────────────╮" [fg=Border]
4: "│" [fg=Border] | "                                      " [bg=SurfaceRaised] | "│" [fg=Border] | "│" [fg=BorderMuted] | "│" [fg=Border] | "                                     " [bg=SurfaceRaised] | "│" [fg=Border]
5: "│" [fg=Border] | " " [bg=SurfaceRaised] | "▸ Restart service                   " [fg=Accent bg=SurfaceRaised] | " " [bg=SurfaceRaised] | "│" [fg=Border] | "│" [fg=BorderMuted] | "│" [fg=Border] | " " [bg=SurfaceRaised] | "Service     State      Region      " [fg=TextMuted bg=SurfaceRaised bold] | " " [bg=SurfaceRaised] | "│" [fg=Border]
6: "│" [fg=Border] | " " [bg=SurfaceRaised] | "  Drain traffic                     " [fg=Text bg=SurfaceRaised] | " " [bg=SurfaceRaised] | "│" [fg=Border] | "│" [fg=BorderMuted] | "│" [fg=Border] | " " [bg=SurfaceRaised] | "───────────────────────────────────" [fg=BorderMuted bg=SurfaceRaised] | " " [bg=SurfaceRaised] | "│" [fg=Border]
7: "│" [fg=Border] | " " [bg=SurfaceRaised] | "  Acknowledge alert                 " [fg=Text bg=SurfaceRaised] | " " [bg=SurfaceRaised] | "│" [fg=Border] | "│" [fg=BorderMuted] | "│" [fg=Border] | " " [bg=SurfaceRaised] | "api         healthy    us-west-2   " [fg=Text bg=SurfaceRaised] | " " [bg=SurfaceRaised] | "│" [fg=Border]
8: "│" [fg=Border] | " " [bg=SurfaceRaised] | "  Delete s" [fg=TextFaint bg=SurfaceRaised] | "╭" [fg=Accent] | " Command palette " [fg=Accent bold] | "─────────────────────────────────────╮" [fg=Accent] | "-west-2   " [fg=Text bg=SurfaceRaised] | " " [bg=SurfaceRaised] | "│" [fg=Border]
9: "│" [fg=Border] | " " [bg=SurfaceRaised] | "          " [fg=Text bg=SurfaceRaised] | "│" [fg=Accent] | "                                                      " [bg=SurfaceRaised] | "│" [fg=Accent] | "-east-1   " [fg=Text bg=SurfaceRaised] | " " [bg=SurfaceRaised] | "│" [fg=Border]
10: "│" [fg=Border] | " " [bg=SurfaceRaised] | "          " [fg=Text bg=SurfaceRaised] | "│" [fg=Accent] | " " [bg=SurfaceRaised] | "› " [fg=Accent bg=SurfaceSunken] | " " [fg=Text reverse] | "                                                 " | " " [bg=SurfaceRaised] | "│" [fg=Accent] | "          " [fg=Text bg=SurfaceRaised] | " " [bg=SurfaceRaised] | "│" [fg=Border]
11: "│" [fg=Border] | " " [bg=SurfaceRaised] | "          " [fg=Text bg=SurfaceRaised] | "│" [fg=Accent] | " " [bg=SurfaceRaised] | "▸ Restart service  Restart the selected service     " [fg=Text bg=SelectionBg] | " " [bg=SurfaceRaised] | "│" [fg=Accent] | "          " [fg=Text bg=SurfaceRaised] | " " [bg=SurfaceRaised] | "│" [fg=Border]
12: "│" [fg=Border] | " " [bg=SurfaceRaised] | "          " [fg=Text bg=SurfaceRaised] | "│" [fg=Accent] | " " [bg=SurfaceRaised] | "  Drain traffic  Remove a service from rotation     " [fg=Text bg=SurfaceRaised] | " " [bg=SurfaceRaised] | "│" [fg=Accent] | "          " [fg=Text bg=SurfaceRaised] | " " [bg=SurfaceRaised] | "│" [fg=Border]
13: "│" [fg=Border] | " " [bg=SurfaceRaised] | "          " [fg=Text bg=SurfaceRaised] | "│" [fg=Accent] | " " [bg=SurfaceRaised] | "  Acknowledge alert  Mark the current alert handled " [fg=Text bg=SurfaceRaised] | " " [bg=SurfaceRaised] | "│" [fg=Accent] | "          " [fg=Text bg=SurfaceRaised] | " " [bg=SurfaceRaised] | "│" [fg=Border]
14: "│" [fg=Border] | " " [bg=SurfaceRaised] | "          " [fg=Text bg=SurfaceRaised] | "│" [fg=Accent] | "                                                      " [bg=SurfaceRaised] | "│" [fg=Accent] | "          " [fg=Text bg=SurfaceRaised] | " " [bg=SurfaceRaised] | "│" [fg=Border]
15: "│" [fg=Border] | " " [bg=SurfaceRaised] | "          " [fg=Text bg=SurfaceRaised] | "╰──────────────────────────────────────────────────────╯" [fg=Accent] | "          " [fg=Text bg=SurfaceRaised] | " " [bg=SurfaceRaised] | "│" [fg=Border]
16: "│" [fg=Border] | " " [bg=SurfaceRaised] | "                                    " [fg=Text bg=SurfaceRaised] | " " [bg=SurfaceRaised] | "│" [fg=Border] | "│" [fg=BorderMuted] | "│" [fg=Border] | " " [bg=SurfaceRaised] | "                                   " [fg=Text bg=SurfaceRaised] | " " [bg=SurfaceRaised] | "│" [fg=Border]
17: "│" [fg=Border] | " " [bg=SurfaceRaised] | "                                    " [fg=Text bg=SurfaceRaised] | " " [bg=SurfaceRaised] | "│" [fg=Border] | "│" [fg=BorderMuted] | "│" [fg=Border] | " " [bg=SurfaceRaised] | "Deploy " [fg=TextMuted bg=SurfaceRaised] | "████████████████" [fg=Surface bg=Info] | "░░░░░░░" [fg=TextFaint bg=SurfaceSunken] | "  72%" [fg=TextMuted bg=SurfaceRaised] | " " [bg=SurfaceRaised] | "│" [fg=Border]
18: "│" [fg=Border] | " " [bg=SurfaceRaised] | "                                    " [fg=Text bg=SurfaceRaised] | " " [bg=SurfaceRaised] | "│" [fg=Border] | "│" [fg=BorderMuted] | "│" [fg=Border] | " " [bg=SurfaceRaised] | "[x]" [fg=Surface bg=Success bold] | " Auto-refresh                   " [fg=Text bg=SurfaceRaised] | " " [bg=SurfaceRaised] | "│" [fg=Border]
19: "│" [fg=Border] | " " [bg=SurfaceRaised] | "                                    " [fg=Text bg=SurfaceRaised] | " " [bg=SurfaceRaised] | "│" [fg=Border] | "│" [fg=BorderMuted] | "│" [fg=Border] | " " [bg=SurfaceRaised] | "[ Open logs                       ]" [fg=Text bg=SurfaceRaised] | " " [bg=SurfaceRaised] | "│" [fg=Border]
20: "│" [fg=Border] | "                                      " [bg=SurfaceRaised] | "│" [fg=Border] | "│" [fg=BorderMuted] | "│" [fg=Border] | "                                     " [bg=SurfaceRaised] | "│" [fg=Border]
21: "╰──────────────────────────────────────╯" [fg=Border] | "│" [fg=BorderMuted] | "╰─────────────────────────────────────╯" [fg=Border]
22: "───────────────────────────────────────────" [fg=BorderMuted] | " tab focus · ctrl+p commands · q quit"
