## initial
command: no
 OPS  operations console                                         ctrl+p commands
▸Services   Jobs   Audit
╭ Actions ─────────────────────────────╮│╭ Operations ─────────────────────────╮
│                                      │││                                     │
│ ▸ Restart service                    │││ Service     State      Region       │
│   Drain traffic                      │││ ─────────────────────────────────── │
│   Acknowledge alert                  │││ api         healthy    us-west-2    │
│   Delete service                     │││ worker      busy       us-west-2    │
│                                      │││ scheduler   degraded   us-east-1    │
│                                      │││                                     │
│                                      │││                                     │
│                                      │││                                     │
│                                      │││                                     │
│                                      │││                                     │
│                                      │││                                     │
│                                      │││                                     │
│                                      │││ Deploy ████████████████░░░░░░░  72% │
│                                      │││ [x] Auto-refresh                    │
│                                      │││ [ Open logs                       ] │
│                                      │││                                     │
╰──────────────────────────────────────╯│╰─────────────────────────────────────╯
─────────────────────────────────────────── tab focus · ctrl+p commands · q quit

## focus actions
command: no
 OPS  operations console                                         ctrl+p commands
▸Services   Jobs   Audit
╭ Actions ─────────────────────────────╮│╭ Operations ─────────────────────────╮
│                                      │││                                     │
│ ▸ Restart service                    │││ Service     State      Region       │
│   Drain traffic                      │││ ─────────────────────────────────── │
│   Acknowledge alert                  │││ api         healthy    us-west-2    │
│   Delete service                     │││ worker      busy       us-west-2    │
│                                      │││ scheduler   degraded   us-east-1    │
│                                      │││                                     │
│                                      │││                                     │
│                                      │││                                     │
│                                      │││                                     │
│                                      │││                                     │
│                                      │││                                     │
│                                      │││                                     │
│                                      │││ Deploy ████████████████░░░░░░░  72% │
│                                      │││ [x] Auto-refresh                    │
│                                      │││ [ Open logs                       ] │
│                                      │││                                     │
╰──────────────────────────────────────╯│╰─────────────────────────────────────╯
─────────────────────────────────────────── tab focus · ctrl+p commands · q quit

## navigate action
command: no
 OPS  operations console                                         ctrl+p commands
▸Services   Jobs   Audit
╭ Actions ─────────────────────────────╮│╭ Operations ─────────────────────────╮
│                                      │││                                     │
│   Restart service                    │││ Service     State      Region       │
│ ▸ Drain traffic                      │││ ─────────────────────────────────── │
│   Acknowledge alert                  │││ api         healthy    us-west-2    │
│   Delete service                     │││ worker      busy       us-west-2    │
│                                      │││ scheduler   degraded   us-east-1    │
│                                      │││                                     │
│                                      │││                                     │
│                                      │││                                     │
│                                      │││                                     │
│                                      │││                                     │
│                                      │││                                     │
│                                      │││                                     │
│                                      │││ Deploy ████████████████░░░░░░░  72% │
│                                      │││ [x] Auto-refresh                    │
│                                      │││ [ Open logs                       ] │
│                                      │││                                     │
╰──────────────────────────────────────╯│╰─────────────────────────────────────╯
─────────────────────────────────────────── tab focus · ctrl+p commands · q quit

## open commands
command: no
 OPS  operations console                                         ctrl+p commands
▸Services   Jobs   Audit
╭ Actions ─────────────────────────────╮│╭ Operations ─────────────────────────╮
│                                      │││                                     │
│   Restart service                    │││ Service     State      Region       │
│ ▸ Drain traffic                      │││ ─────────────────────────────────── │
│   Acknowledge alert                  │││ api         healthy    us-west-2    │
│   Delete s╭ Command palette ─────────────────────────────────────╮-west-2    │
│           │                                                      │-east-1    │
│           │ ›                                                    │           │
│           │ ▸ Restart service  Restart the selected service      │           │
│           │   Drain traffic  Remove a service from rotation      │           │
│           │   Acknowledge alert  Mark the current alert handled  │           │
│           │                                                      │           │
│           ╰──────────────────────────────────────────────────────╯           │
│                                      │││                                     │
│                                      │││ Deploy ████████████████░░░░░░░  72% │
│                                      │││ [x] Auto-refresh                    │
│                                      │││ [ Open logs                       ] │
│                                      │││                                     │
╰──────────────────────────────────────╯│╰─────────────────────────────────────╯
─────────────────────────────────────────── tab focus · ctrl+p commands · q quit

## request restart
command: no
 OPS  operations console                                         ctrl+p commands
▸Services   Jobs   Audit
╭ Actions ─────────────────────────────╮│╭ Operations ─────────────────────────╮
│                                      │││                                     │
│   Restart service                    │││ Service     State      Region       │
│ ▸ Drain traffic                      │││ ─────────────────────────────────── │
│   Acknowledge al╭──────────────────────────────────────────╮    us-west-2    │
│   Delete s╭ Comm│                                          │─────╮-west-2    │
│           │     │  Restart service?                        │     │-east-1    │
│           │ ›   │  Restarting the selected service may     │     │           │
│           │ ▸ Re│  interrupt traffic.                      │     │           │
│           │   Dr│                                          │     │           │
│           │   Ac│                   Restart      Cancel    │led  │           │
│           │     │                                          │     │           │
│           ╰─────╰──────────────────────────────────────────╯─────╯           │
│                                      │││                                     │
│                                      │││ Deploy ████████████████░░░░░░░  72% │
│                                      │││ [x] Auto-refresh                    │
│                                      │││ [ Open logs                       ] │
│                                      │││                                     │
╰──────────────────────────────────────╯│╰─────────────────────────────────────╯
─────────────────────────────────────────── tab focus · ctrl+p commands · q quit

## request cancellation
command: yes
 OPS  operations console                                         ctrl+p commands
▸Services   Jobs   Audit
╭ Actions ─────────────────────────────╮│╭ Operations ─────────────────────────╮
│                                      │││                                     │
│   Restart service                    │││ Service     State      Region       │
│ ▸ Drain traffic                      │││ ─────────────────────────────────── │
│   Acknowledge al╭──────────────────────────────────────────╮    us-west-2    │
│   Delete s╭ Comm│                                          │─────╮-west-2    │
│           │     │  Restart service?                        │     │-east-1    │
│           │ ›   │  Restarting the selected service may     │     │           │
│           │ ▸ Re│  interrupt traffic.                      │     │           │
│           │   Dr│                                          │     │           │
│           │   Ac│                   Restart      Cancel    │led  │           │
│           │     │                                          │     │           │
│           ╰─────╰──────────────────────────────────────────╯─────╯           │
│                                      │││                                     │
│                                      │││ Deploy ████████████████░░░░░░░  72% │
│                                      │││ [x] Auto-refresh                    │
│                                      │││ [ Open logs                       ] │
│                                      │││                                     │
╰──────────────────────────────────────╯│╰─────────────────────────────────────╯
─────────────────────────────────────────── tab focus · ctrl+p commands · q quit

## deliver cancellation
command: no
 OPS  operations console                                         ctrl+p commands
▸Services   Jobs   Audit
╭ Actions ─────────────────────────────╮│╭ Operations ─────────────────────────╮
│                                      │││                                     │
│   Restart service                    │││ Service     State      Region       │
│ ▸ Drain traffic                      │││ ─────────────────────────────────── │
│   Acknowledge alert                  │││ api         healthy    us-west-2    │
│   Delete s╭ Command palette ─────────────────────────────────────╮-west-2    │
│           │                                                      │-east-1    │
│           │ ›                                                    │           │
│           │ ▸ Restart service  Restart the selected service      │           │
│           │   Drain traffic  Remove a service from rotation      │           │
│           │   Acknowledge alert  Mark the current alert handled  │           │
│           │                                                      │           │
│           ╰──────────────────────────────────────────────────────╯           │
│                                      │││                                     │
│                                      │││ Deploy ████████████████░░░░░░░  72% │
│                                      │││ [x] Auto-refresh                    │
│                                      │││ [ Open logs                       ] │
│                                      │││                                     │
╰──────────────────────────────────────╯│╰─────────────────────────────────────╯
─────────────────────────────────────────── tab focus · ctrl+p commands · q quit

## close commands
command: no
 OPS  operations console                                         ctrl+p commands
▸Services   Jobs   Audit
╭ Actions ─────────────────────────────╮│╭ Operations ─────────────────────────╮
│                                      │││                                     │
│   Restart service                    │││ Service     State      Region       │
│ ▸ Drain traffic                      │││ ─────────────────────────────────── │
│   Acknowledge alert                  │││ api         healthy    us-west-2    │
│   Delete service                     │││ worker      busy       us-west-2    │
│                                      │││ scheduler   degraded   us-east-1    │
│                                      │││                                     │
│                                      │││                                     │
│                                      │││                                     │
│                                      │││                                     │
│                                      │││                                     │
│                                      │││                                     │
│                                      │││                                     │
│                                      │││ Deploy ████████████████░░░░░░░  72% │
│                                      │││ [x] Auto-refresh                    │
│                                      │││ [ Open logs                       ] │
│                                      │││                                     │
╰──────────────────────────────────────╯│╰─────────────────────────────────────╯
─────────────────────────────────────────── tab focus · ctrl+p commands · q quit
