1: "╭────────────────────────────────╮" [fg=Accent]
2: "│" [fg=Accent] | "                                " [bg=SurfaceRaised] | "│" [fg=Accent]
3: "│" [fg=Accent] | "  " [bg=SurfaceRaised] | "Quit gotui?" [fg=Text bg=SurfaceRaised bold] | "                   " [bg=SurfaceRaised] | "│" [fg=Accent]
4: "│" [fg=Accent] | "  " [bg=SurfaceRaised] | "Unsaved changes will be" [fg=TextMuted bg=SurfaceRaised] | "       " [bg=SurfaceRaised] | "│" [fg=Accent]
5: "│" [fg=Accent] | "  " [bg=SurfaceRaised] | "lost." [fg=TextMuted bg=SurfaceRaised] | "                         " [bg=SurfaceRaised] | "│" [fg=Accent]
6: "│" [fg=Accent] | "                                " [bg=SurfaceRaised] | "│" [fg=Accent]
7: "│" [fg=Accent] | "  " [bg=SurfaceRaised] | "            " [fg=TextMuted bg=SurfaceRaised] | "  " [bg=Accent] | "OK" [fg=Surface bg=Accent bold] | "  " [bg=Accent] | "  " [fg=TextMuted bg=SurfaceRaised] | "  " [bg=SurfaceSunken] | "Cancel" [fg=TextMuted bg=SurfaceSunken] | "  " [bg=SurfaceRaised] | "│" [fg=Accent]
8: "│" [fg=Accent] | "                                " [bg=SurfaceRaised] | "│" [fg=Accent]
9: "╰────────────────────────────────╯" [fg=Accent]
