 OPS  service overview
▸Overview   Activity   Settings
╭ Actions ───────────────────────╮│╭ Services ─────────────────────╮
│                                │││                               │
│ ▸ Open workspace               │││ api         healthy           │
│   Refresh data                 │││ worker      busy              │
│   Delete workspace             │││ ▸Refresh   Export   Delete    │
│   Quit                         │││ Indexing ██████████░░░░░  72% │
│                                │││ [x] Auto-refresh              │
│                                │││ [ Open workspace            ] │
│                                │││                               │
╰────────────────────────────────╯│╰───────────────────────────────╯
───────────────────────────────────────────────────────────── q quit
