1: " " [fg=Text bg=Accent] | "OPS" [fg=Surface bg=Accent bold] | " " [bg=Accent] | " " | "service overview" [fg=TextMuted] | "                                              " [bg=Surface]
2: "▸Overview " [fg=Accent bg=SurfaceRaised bold] | " " [fg=TextFaint bg=SurfaceRaised] | " Activity " [fg=TextMuted bg=SurfaceRaised] | " " [fg=TextFaint bg=SurfaceRaised] | " Settings " [fg=TextMuted bg=SurfaceRaised] | "                                    " [bg=SurfaceRaised]
3: "╭" [fg=Border] | " Actions " [fg=TextMuted] | "───────────────────────╮" [fg=Border] | " " | "╭" [fg=Accent] | " Services " [fg=Accent bold] | "─────────────────────╮" [fg=Accent]
4: "│" [fg=Border] | "                                " [bg=SurfaceRaised] | "│" [fg=Border] | " " | "│" [fg=Accent] | "                               " [bg=SurfaceRaised] | "│" [fg=Accent]
5: "│" [fg=Border] | " " [bg=SurfaceRaised] | "▸ Open workspace              " [fg=Accent bg=SurfaceRaised] | " " [bg=SurfaceRaised] | "│" [fg=Border] | " " | "│" [fg=Accent] | " " [bg=SurfaceRaised] | "api        " [fg=Text bg=SurfaceRaised] | " " [fg=Text bg=Success] | "healthy" [fg=Surface bg=Success bold] | " " [bg=Success] | "          " [bg=SurfaceRaised] | "│" [fg=Accent]
6: "│" [fg=Border] | " " [bg=SurfaceRaised] | "  Refresh data                " [fg=Text bg=SurfaceRaised] | " " [bg=SurfaceRaised] | "│" [fg=Border] | " " | "│" [fg=Accent] | " " [bg=SurfaceRaised] | "worker     " [fg=Text bg=SurfaceRaised] | " " [fg=Text bg=Info] | "busy" [fg=Surface bg=Info bold] | " " [bg=Info] | "             " [bg=SurfaceRaised] | "│" [fg=Accent]
7: "│" [fg=Border] | " " [bg=SurfaceRaised] | "  Delete workspace            " [fg=TextFaint bg=SurfaceRaised] | " " [bg=SurfaceRaised] | "│" [fg=Border] | " " | "│" [fg=Accent] | " " [bg=SurfaceRaised] | "▸Refresh " [fg=Text bg=SelectionBg bold] | " " [fg=TextFaint bg=SurfaceRaised] | " Export " [fg=Text bg=SurfaceRaised] | "  Delete " [fg=TextFaint bg=SurfaceRaised] | "   " [bg=SurfaceRaised] | "│" [fg=Accent]
8: "│" [fg=Border] | " " [bg=SurfaceRaised] | "  Quit                        " [fg=Text bg=SurfaceRaised] | " " [bg=SurfaceRaised] | "│" [fg=Border] | " " | "│" [fg=Accent] | "                               " [bg=SurfaceRaised] | "│" [fg=Accent]
9: "│" [fg=Border] | " " [bg=SurfaceRaised] | "                              " [fg=Text bg=SurfaceRaised] | " " [bg=SurfaceRaised] | "│" [fg=Border] | " " | "╰───────────────────────────────╯" [fg=Accent]
10: "│" [fg=Border] | " " [bg=SurfaceRaised] | "                              " [fg=Text bg=SurfaceRaised] | " " [bg=SurfaceRaised] | "│" [fg=Border]
11: "│" [fg=Border] | "                                " [bg=SurfaceRaised] | "│" [fg=Border]
12: "╰────────────────────────────────╯" [fg=Border]
13: "───────────────────────────────────────────────────────────────────" [fg=BorderMuted]
14: "q quit" [fg=TextMuted]
