 OPS  service overview
▸Overview   Activity   Settings
╭ Actions ───────────────────────╮ ╭ Services ─────────────────────╮
│                                │ │                               │
│ ▸ Open workspace               │ │ api         healthy           │
│   Refresh data                 │ │ worker      busy              │
│   Delete workspace             │ │                               │
│   Quit                         │ ╰───────────────────────────────╯
│                                │
│                                │
│                                │
╰────────────────────────────────╯
───────────────────────────────────────────────────────────────────
q quit
