 OPS  service overview
▸Overview   Activity   Settings
╭ Jobs ──────────────────────────╮ ╭ Services ─────────────────────╮
│                                │ │                               │
│ queue      3                   │ │ api         healthy           │
│ completed  18                  │ │ worker      busy              │
│ failed      0                  │ │                               │
│                                │ ╰───────────────────────────────╯
╰────────────────────────────────╯
───────────────────────────────────────────────────────────────────
q quit
