▌ welcome                ── welcome ──
  layout
  theming                welcome: content line 1
  testing                welcome: content line 2
                         welcome: content line 3
                         welcome: content line 4
                         welcome: content line 5
                         welcome: content line 6
                         welcome: content line 7
                         welcome: content line 8
                         welcome: content line 9
                         welcome: content line 10
                         welcome: content line 11
                         welcome: content line 12
                         welcome: content line 13
                         welcome: content line 14
                         welcome: content line 15
                         welcome: content line 16
                         welcome: content line 17
                         welcome: content line 18
                         welcome: content line 19
> add an item, then press enter
tab focus • enter add item • j/k navigate • ctrl+d quit dialog • ctrl+c quit
 demo  list                                               ⠋ live  4 items    0%
