{
  "id": "demo",
  "kind": "application",
  "bounds": {
    "x": 0,
    "y": 0,
    "width": 80,
    "height": 24
  },
  "focused": false,
  "children": [
    {
      "id": "list",
      "kind": "list",
      "bounds": {
        "x": 0,
        "y": 0,
        "width": 24,
        "height": 21
      },
      "focused": true,
      "selected": {
        "index": 0,
        "count": 4,
        "label": "welcome"
      },
      "scroll": {
        "total": 4,
        "visible": 21,
        "offset": 0
      },
      "actions": [
        {
          "id": "list.focus",
          "label": "Focus list",
          "enabled": false
        },
        {
          "id": "list.blur",
          "label": "Blur list",
          "enabled": true
        },
        {
          "id": "list.next",
          "label": "Next item",
          "description": "Select the next visible item",
          "enabled": true
        },
        {
          "id": "list.previous",
          "label": "Previous item",
          "description": "Select the previous visible item",
          "enabled": false
        },
        {
          "id": "list.first",
          "label": "First item",
          "enabled": false
        },
        {
          "id": "list.last",
          "label": "Last item",
          "enabled": true
        }
      ],
      "attributes": {
        "filtered_count": "4",
        "item_count": "4"
      }
    },
    {
      "id": "viewport",
      "kind": "viewport",
      "bounds": {
        "x": 0,
        "y": 0,
        "width": 55,
        "height": 21
      },
      "focused": false,
      "scroll": {
        "total": 43,
        "visible": 21,
        "offset": 0
      },
      "actions": [
        {
          "id": "viewport.focus",
          "label": "Focus viewport",
          "enabled": true
        },
        {
          "id": "viewport.blur",
          "label": "Blur viewport",
          "enabled": false
        },
        {
          "id": "viewport.scroll_up",
          "label": "Scroll up",
          "enabled": false
        },
        {
          "id": "viewport.scroll_down",
          "label": "Scroll down",
          "enabled": true
        },
        {
          "id": "viewport.scroll_top",
          "label": "Scroll to top",
          "enabled": false
        },
        {
          "id": "viewport.scroll_bottom",
          "label": "Scroll to bottom",
          "enabled": true
        }
      ]
    },
    {
      "id": "input",
      "kind": "textinput",
      "bounds": {
        "x": 0,
        "y": 0,
        "width": 80,
        "height": 1
      },
      "label": "> ",
      "focused": false,
      "actions": [
        {
          "id": "input.focus",
          "label": "Focus input",
          "enabled": true
        },
        {
          "id": "input.blur",
          "label": "Blur input",
          "enabled": false
        },
        {
          "id": "input.clear",
          "label": "Clear input",
          "enabled": false
        }
      ],
      "attributes": {
        "cursor": "0",
        "empty": "true",
        "placeholder": "add an item, then press enter"
      }
    },
    {
      "id": "quit-dialog",
      "kind": "dialog",
      "bounds": {
        "x": 0,
        "y": 0,
        "width": 40,
        "height": 10
      },
      "label": "Quit demo?",
      "focused": true,
      "status": "awaiting_input",
      "selected": {
        "index": 0,
        "count": 2,
        "label": "OK"
      },
      "actions": [
        {
          "id": "quit-dialog.confirm",
          "label": "OK",
          "description": "Accept the dialog",
          "enabled": true
        },
        {
          "id": "quit-dialog.cancel",
          "label": "Cancel",
          "description": "Dismiss the dialog",
          "enabled": true
        },
        {
          "id": "quit-dialog.next",
          "label": "Next button",
          "enabled": true
        },
        {
          "id": "quit-dialog.previous",
          "label": "Previous button",
          "enabled": false
        }
      ],
      "attributes": {
        "body": "This closes the tuiweave Phase 2 demo."
      }
    }
  ]
}
