▌ welcome                ── welcome ──
  layout
  theming                welcome: content line 1
  testing                welcome: content line 2
                         welcome: content line 3
                         welcome: content line 4
                         welcome: content line 5
                    ╭──────────────────────────────────────╮
                    │                                      │
                    │  Quit demo?                          │
                    │  This closes the gotui Phase 2       │
                    │  demo.                               │
                    │                                      │
                    │                    OK      Cancel    │
                    │                                      │
                    ╰──────────────────────────────────────╯
                         welcome: content line 15
                         welcome: content line 16
                         welcome: content line 17
                         welcome: content line 18
                         welcome: content line 19
> add an item, then press enter
tab focus • enter add item • j/k navigate • ctrl+d quit dialog • ctrl+c quit
 demo  list                                               ⠋ live  4 items    0%
