1: "› " [fg=Accent bg=SurfaceSunken] | "open" [fg=Text] | " " [fg=Text reverse]
2: "▸ Open workspace  Choose a workspace        " [fg=Text bg=SelectionBg]
3: "  Open settings  Edit preferences           " [fg=Text bg=SurfaceRaised]
4: "                                            " [fg=Text bg=SurfaceRaised]
5: "                                            " [fg=Text bg=SurfaceRaised]
